// Jest Snapshot v1, https://goo.gl/fbAQLP

exports[`DetailsPage renders the component correctly 1`] = `ShallowWrapper {}`;
